GAMS 29.1.0  rbb4180b Released Nov 15, 2019 WEX-WEI x86 64bit/MS Windows                                                                                                                                                              05/17/21 20:12:23 Page 13
G e n e r a l   A l g e b r a i c   M o d e l i n g   S y s t e m
C o m p i l a t i o n


 526  sets
 527          alias_set
 528          alias_map2
 529          l1
 530          s
 531          n
 532  ;
 533   
 534   
 535  sets
 536          alias_[alias_set,alias_map2]
 537          PwT_l1_subset[s,n]
 538          qS_l1_subset[s,n]
 539          tauS_l1_subset[s,n]
 540          tauLump_l1_subset[s]
 541  ;
 542   
GDXIN   C:\Users\sxj477\Documents\GitHub\GPM_v05\work_folder\shock.gdx
--- MERGE alias_set = 1:alias_set
--- MERGE alias_map2 = 2:alias_map2
--- LOAD  l1 = 3:l1
--- MERGE s = 4:s
--- MERGE n = 5:n
--- LOAD  tauLump_l1_subset = 13:tauLump_l1_subset
--- MERGE alias_ = 6:alias_
--- LOAD  PwT_l1_subset = 7:PwT_l1_subset
--- LOAD  qS_l1_subset = 9:qS_l1_subset
--- LOAD  tauS_l1_subset = 11:tauS_l1_subset
 557   parameters
 558          PwT_l1[s,n,l1]
 559          qS_l1[s,n,l1]
 560          tauS_l1[s,n,l1]
 561          tauLump_l1[s,l1]
 562  ;
 563   
GDXIN   C:\Users\sxj477\Documents\GitHub\GPM_v05\work_folder\shock.gdx
--- LOAD  PwT_l1 = 8:PwT_l1
--- LOAD  qS_l1 = 10:qS_l1
--- LOAD  tauS_l1 = 12:tauS_l1
--- LOAD  tauLump_l1 = 14:tauLump_l1
 571   loop( (l1),    PwT.fx[s,n]$(PwT_l1_subset[s,n]) = PwT_l1[s,n,l1];
 572          qS.fx[s,n]$(qS_l1_subset[s,n]) = qS_l1[s,n,l1];
 573          tauS.fx[s,n]$(tauS_l1_subset[s,n]) = tauS_l1[s,n,l1];
 574          tauLump.fx[s]$(tauLump_l1_subset[s]) = tauLump_l1[s,l1];
 575   
 576   
 577  solve p_static_B using CNS;
 578   
 579  )
 580   
GAMS 29.1.0  rbb4180b Released Nov 15, 2019 WEX-WEI x86 64bit/MS Windows                                                                                                                                                              05/17/21 20:12:23 Page 14
G e n e r a l   A l g e b r a i c   M o d e l i n g   S y s t e m
Include File Summary


   SEQ   GLOBAL TYPE      PARENT   LOCAL  FILENAME

     1        1 INPUT          0       0  C:\Users\sxj477\Documents\GitHub\GPM_v05\work_folder\p_static_B.gms
     2      543 GDXIN          1      18  C:\Users\sxj477\Documents\GitHub\GPM_v05\work_folder\shock.gdx
     3      564 GDXIN          1      39  C:\Users\sxj477\Documents\GitHub\GPM_v05\work_folder\shock.gdx


COMPILATION TIME     =        0.031 SECONDS      3 MB  29.1.0 rbb4180b WEX-WEI
GAMS 29.1.0  rbb4180b Released Nov 15, 2019 WEX-WEI x86 64bit/MS Windows                                                                                                                                                              05/17/21 20:12:23 Page 15
G e n e r a l   A l g e b r a i c   M o d e l i n g   S y s t e m
Model Statistics    SOLVE p_static_B Using CNS From line 577


LOOPS                                   l1   l1_1


MODEL STATISTICS

BLOCKS OF EQUATIONS           9     SINGLE EQUATIONS           34
BLOCKS OF VARIABLES          10     SINGLE VARIABLES           88
NON ZERO ELEMENTS           208     NON LINEAR N-Z            184
DERIVATIVE POOL              20     CONSTANT POOL              16
CODE LENGTH                 353
SINGLE =E|X= EQUS            34     SINGLE UNFIXED VARS        34


GENERATION TIME      =        0.000 SECONDS      4 MB  29.1.0 rbb4180b WEX-WEI


EXECUTION TIME       =        0.000 SECONDS      4 MB  29.1.0 rbb4180b WEX-WEI
               L O O P S                 l1 l1_1

GAMS 29.1.0  rbb4180b Released Nov 15, 2019 WEX-WEI x86 64bit/MS Windows                                                                                                                                                              05/17/21 20:12:23 Page 16
G e n e r a l   A l g e b r a i c   M o d e l i n g   S y s t e m
Solution Report     SOLVE p_static_B Using CNS From line 577


               S O L V E      S U M M A R Y

     MODEL   p_static_B          
     TYPE    CNS                 
     SOLVER  CONOPT4             FROM LINE  577

**** SOLVER STATUS     1 Normal Completion         
**** MODEL STATUS      16 Solved                   

 RESOURCE USAGE, LIMIT          0.000      1000.000
 ITERATION COUNT, LIMIT         1    2000000000
 EVALUATION ERRORS              0             0

CONOPT 4         29.1.0 rbb4180b Released Nov 15, 2019 WEI x86 64bit/MS Window
 
 
    C O N O P T   version 4.15
    Copyright (C) ARKI Consulting and Development A/S
                  Bagsvaerdvej 246 A
                  DK-2880 Bagsvaerd, Denmark
    Licensed to:  GAMS/CONOPT OEM License
 
 
    The user model has 34 constraints and 88 variables
    with 208 Jacobian elements, 184 of which are nonlinear.
 
    The pre-triangular part of the model has 0 constraints and 54 variables.
 
    Preprocessed model has 34 constraints and 34 variables
    with 120 Jacobian elements, 96 of which are nonlinear.
 
 ** Feasible solution to a square system.
 
 
 CONOPT time Total                            0.000 seconds
   of which: Function evaluations             0.000 =  0.0%
             1st Derivative evaluations       0.000 =  0.0%
 


**** REPORT SUMMARY :        0 INFEASIBLE
                             0  DEPENDENT
                             0     ERRORS
GAMS 29.1.0  rbb4180b Released Nov 15, 2019 WEX-WEI x86 64bit/MS Windows                                                                                                                                                              05/17/21 20:12:23 Page 17
G e n e r a l   A l g e b r a i c   M o d e l i n g   S y s t e m
Model Statistics    SOLVE p_static_B Using CNS From line 577


LOOPS                                   l1   l1_2


MODEL STATISTICS

BLOCKS OF EQUATIONS           9     SINGLE EQUATIONS           34
BLOCKS OF VARIABLES          10     SINGLE VARIABLES           88
NON ZERO ELEMENTS           208     NON LINEAR N-Z            184
DERIVATIVE POOL              20     CONSTANT POOL              16
CODE LENGTH                 353
SINGLE =E|X= EQUS            34     SINGLE UNFIXED VARS        34


GENERATION TIME      =        0.000 SECONDS      3 MB  29.1.0 rbb4180b WEX-WEI


EXECUTION TIME       =        0.000 SECONDS      3 MB  29.1.0 rbb4180b WEX-WEI
               L O O P S                 l1 l1_2

GAMS 29.1.0  rbb4180b Released Nov 15, 2019 WEX-WEI x86 64bit/MS Windows                                                                                                                                                              05/17/21 20:12:23 Page 18
G e n e r a l   A l g e b r a i c   M o d e l i n g   S y s t e m
Solution Report     SOLVE p_static_B Using CNS From line 577


               S O L V E      S U M M A R Y

     MODEL   p_static_B          
     TYPE    CNS                 
     SOLVER  CONOPT4             FROM LINE  577

**** SOLVER STATUS     1 Normal Completion         
**** MODEL STATUS      16 Solved                   

 RESOURCE USAGE, LIMIT          0.000      1000.000
 ITERATION COUNT, LIMIT         2    2000000000
 EVALUATION ERRORS              0             0

CONOPT 4         29.1.0 rbb4180b Released Nov 15, 2019 WEI x86 64bit/MS Window
 
 
    C O N O P T   version 4.15
    Copyright (C) ARKI Consulting and Development A/S
                  Bagsvaerdvej 246 A
                  DK-2880 Bagsvaerd, Denmark
    Licensed to:  GAMS/CONOPT OEM License
 
 
    The user model has 34 constraints and 88 variables
    with 208 Jacobian elements, 184 of which are nonlinear.
 
    The pre-triangular part of the model has 0 constraints and 54 variables.
 
    Preprocessed model has 34 constraints and 34 variables
    with 120 Jacobian elements, 96 of which are nonlinear.
 
 ** Feasible solution to a square system.
 
 
 CONOPT time Total                            0.000 seconds
   of which: Function evaluations             0.000 =  0.0%
             1st Derivative evaluations       0.000 =  0.0%
 


**** REPORT SUMMARY :        0 INFEASIBLE
                             0  DEPENDENT
                             0     ERRORS
GAMS 29.1.0  rbb4180b Released Nov 15, 2019 WEX-WEI x86 64bit/MS Windows                                                                                                                                                              05/17/21 20:12:23 Page 19
G e n e r a l   A l g e b r a i c   M o d e l i n g   S y s t e m
Model Statistics    SOLVE p_static_B Using CNS From line 577


LOOPS                                   l1   l1_3


MODEL STATISTICS

BLOCKS OF EQUATIONS           9     SINGLE EQUATIONS           34
BLOCKS OF VARIABLES          10     SINGLE VARIABLES           88
NON ZERO ELEMENTS           208     NON LINEAR N-Z            184
DERIVATIVE POOL              20     CONSTANT POOL              16
CODE LENGTH                 353
SINGLE =E|X= EQUS            34     SINGLE UNFIXED VARS        34


GENERATION TIME      =        0.000 SECONDS      3 MB  29.1.0 rbb4180b WEX-WEI


EXECUTION TIME       =        0.000 SECONDS      3 MB  29.1.0 rbb4180b WEX-WEI
               L O O P S                 l1 l1_3

GAMS 29.1.0  rbb4180b Released Nov 15, 2019 WEX-WEI x86 64bit/MS Windows                                                                                                                                                              05/17/21 20:12:23 Page 20
G e n e r a l   A l g e b r a i c   M o d e l i n g   S y s t e m
Solution Report     SOLVE p_static_B Using CNS From line 577


               S O L V E      S U M M A R Y

     MODEL   p_static_B          
     TYPE    CNS                 
     SOLVER  CONOPT4             FROM LINE  577

**** SOLVER STATUS     1 Normal Completion         
**** MODEL STATUS      16 Solved                   

 RESOURCE USAGE, LIMIT          0.000      1000.000
 ITERATION COUNT, LIMIT         2    2000000000
 EVALUATION ERRORS              0             0

CONOPT 4         29.1.0 rbb4180b Released Nov 15, 2019 WEI x86 64bit/MS Window
 
 
    C O N O P T   version 4.15
    Copyright (C) ARKI Consulting and Development A/S
                  Bagsvaerdvej 246 A
                  DK-2880 Bagsvaerd, Denmark
    Licensed to:  GAMS/CONOPT OEM License
 
 
    The user model has 34 constraints and 88 variables
    with 208 Jacobian elements, 184 of which are nonlinear.
 
    The pre-triangular part of the model has 0 constraints and 54 variables.
 
    Preprocessed model has 34 constraints and 34 variables
    with 120 Jacobian elements, 96 of which are nonlinear.
 
 ** Feasible solution to a square system.
 
 
 CONOPT time Total                            0.000 seconds
   of which: Function evaluations             0.000 =  0.0%
             1st Derivative evaluations       0.000 =  0.0%
 


**** REPORT SUMMARY :        0 INFEASIBLE
                             0  DEPENDENT
                             0     ERRORS
GAMS 29.1.0  rbb4180b Released Nov 15, 2019 WEX-WEI x86 64bit/MS Windows                                                                                                                                                              05/17/21 20:12:23 Page 21
G e n e r a l   A l g e b r a i c   M o d e l i n g   S y s t e m
Model Statistics    SOLVE p_static_B Using CNS From line 577


LOOPS                                   l1   l1_4


MODEL STATISTICS

BLOCKS OF EQUATIONS           9     SINGLE EQUATIONS           34
BLOCKS OF VARIABLES          10     SINGLE VARIABLES           88
NON ZERO ELEMENTS           208     NON LINEAR N-Z            184
DERIVATIVE POOL              20     CONSTANT POOL              16
CODE LENGTH                 353
SINGLE =E|X= EQUS            34     SINGLE UNFIXED VARS        34


GENERATION TIME      =        0.015 SECONDS      3 MB  29.1.0 rbb4180b WEX-WEI


EXECUTION TIME       =        0.015 SECONDS      3 MB  29.1.0 rbb4180b WEX-WEI
               L O O P S                 l1 l1_4

GAMS 29.1.0  rbb4180b Released Nov 15, 2019 WEX-WEI x86 64bit/MS Windows                                                                                                                                                              05/17/21 20:12:23 Page 22
G e n e r a l   A l g e b r a i c   M o d e l i n g   S y s t e m
Solution Report     SOLVE p_static_B Using CNS From line 577


               S O L V E      S U M M A R Y

     MODEL   p_static_B          
     TYPE    CNS                 
     SOLVER  CONOPT4             FROM LINE  577

**** SOLVER STATUS     1 Normal Completion         
**** MODEL STATUS      16 Solved                   

 RESOURCE USAGE, LIMIT          0.016      1000.000
 ITERATION COUNT, LIMIT         1    2000000000
 EVALUATION ERRORS              0             0

CONOPT 4         29.1.0 rbb4180b Released Nov 15, 2019 WEI x86 64bit/MS Window
 
 
    C O N O P T   version 4.15
    Copyright (C) ARKI Consulting and Development A/S
                  Bagsvaerdvej 246 A
                  DK-2880 Bagsvaerd, Denmark
    Licensed to:  GAMS/CONOPT OEM License
 
 
    The user model has 34 constraints and 88 variables
    with 208 Jacobian elements, 184 of which are nonlinear.
 
    The pre-triangular part of the model has 0 constraints and 54 variables.
 
    Preprocessed model has 34 constraints and 34 variables
    with 120 Jacobian elements, 96 of which are nonlinear.
 
 ** Feasible solution to a square system.
 
 
 CONOPT time Total                            0.000 seconds
   of which: Function evaluations             0.000 =  0.0%
             1st Derivative evaluations       0.000 =  0.0%
 


**** REPORT SUMMARY :        0 INFEASIBLE
                             0  DEPENDENT
                             0     ERRORS
GAMS 29.1.0  rbb4180b Released Nov 15, 2019 WEX-WEI x86 64bit/MS Windows                                                                                                                                                              05/17/21 20:12:23 Page 23
G e n e r a l   A l g e b r a i c   M o d e l i n g   S y s t e m
Model Statistics    SOLVE p_static_B Using CNS From line 577


LOOPS                                   l1   l1_5


MODEL STATISTICS

BLOCKS OF EQUATIONS           9     SINGLE EQUATIONS           34
BLOCKS OF VARIABLES          10     SINGLE VARIABLES           88
NON ZERO ELEMENTS           208     NON LINEAR N-Z            184
DERIVATIVE POOL              20     CONSTANT POOL              16
CODE LENGTH                 353
SINGLE =E|X= EQUS            34     SINGLE UNFIXED VARS        34


GENERATION TIME      =        0.000 SECONDS      3 MB  29.1.0 rbb4180b WEX-WEI


EXECUTION TIME       =        0.000 SECONDS      3 MB  29.1.0 rbb4180b WEX-WEI
               L O O P S                 l1 l1_5

GAMS 29.1.0  rbb4180b Released Nov 15, 2019 WEX-WEI x86 64bit/MS Windows                                                                                                                                                              05/17/21 20:12:23 Page 24
G e n e r a l   A l g e b r a i c   M o d e l i n g   S y s t e m
Solution Report     SOLVE p_static_B Using CNS From line 577


               S O L V E      S U M M A R Y

     MODEL   p_static_B          
     TYPE    CNS                 
     SOLVER  CONOPT4             FROM LINE  577

**** SOLVER STATUS     1 Normal Completion         
**** MODEL STATUS      16 Solved                   

 RESOURCE USAGE, LIMIT          0.000      1000.000
 ITERATION COUNT, LIMIT         1    2000000000
 EVALUATION ERRORS              0             0

CONOPT 4         29.1.0 rbb4180b Released Nov 15, 2019 WEI x86 64bit/MS Window
 
 
    C O N O P T   version 4.15
    Copyright (C) ARKI Consulting and Development A/S
                  Bagsvaerdvej 246 A
                  DK-2880 Bagsvaerd, Denmark
    Licensed to:  GAMS/CONOPT OEM License
 
 
    The user model has 34 constraints and 88 variables
    with 208 Jacobian elements, 184 of which are nonlinear.
 
    The pre-triangular part of the model has 0 constraints and 54 variables.
 
    Preprocessed model has 34 constraints and 34 variables
    with 120 Jacobian elements, 96 of which are nonlinear.
 
 ** Feasible solution to a square system.
 
 
 CONOPT time Total                            0.000 seconds
   of which: Function evaluations             0.000 =  0.0%
             1st Derivative evaluations       0.000 =  0.0%
 


**** REPORT SUMMARY :        0 INFEASIBLE
                             0  DEPENDENT
                             0     ERRORS
GAMS 29.1.0  rbb4180b Released Nov 15, 2019 WEX-WEI x86 64bit/MS Windows                                                                                                                                                              05/17/21 20:12:23 Page 25
G e n e r a l   A l g e b r a i c   M o d e l i n g   S y s t e m
Model Statistics    SOLVE p_static_B Using CNS From line 577


LOOPS                                   l1   l1_6


MODEL STATISTICS

BLOCKS OF EQUATIONS           9     SINGLE EQUATIONS           34
BLOCKS OF VARIABLES          10     SINGLE VARIABLES           88
NON ZERO ELEMENTS           208     NON LINEAR N-Z            184
DERIVATIVE POOL              20     CONSTANT POOL              16
CODE LENGTH                 353
SINGLE =E|X= EQUS            34     SINGLE UNFIXED VARS        34


GENERATION TIME      =        0.016 SECONDS      3 MB  29.1.0 rbb4180b WEX-WEI


EXECUTION TIME       =        0.016 SECONDS      3 MB  29.1.0 rbb4180b WEX-WEI
               L O O P S                 l1 l1_6

GAMS 29.1.0  rbb4180b Released Nov 15, 2019 WEX-WEI x86 64bit/MS Windows                                                                                                                                                              05/17/21 20:12:23 Page 26
G e n e r a l   A l g e b r a i c   M o d e l i n g   S y s t e m
Solution Report     SOLVE p_static_B Using CNS From line 577


               S O L V E      S U M M A R Y

     MODEL   p_static_B          
     TYPE    CNS                 
     SOLVER  CONOPT4             FROM LINE  577

**** SOLVER STATUS     1 Normal Completion         
**** MODEL STATUS      16 Solved                   

 RESOURCE USAGE, LIMIT          0.000      1000.000
 ITERATION COUNT, LIMIT         1    2000000000
 EVALUATION ERRORS              0             0

CONOPT 4         29.1.0 rbb4180b Released Nov 15, 2019 WEI x86 64bit/MS Window
 
 
    C O N O P T   version 4.15
    Copyright (C) ARKI Consulting and Development A/S
                  Bagsvaerdvej 246 A
                  DK-2880 Bagsvaerd, Denmark
    Licensed to:  GAMS/CONOPT OEM License
 
 
    The user model has 34 constraints and 88 variables
    with 208 Jacobian elements, 184 of which are nonlinear.
 
    The pre-triangular part of the model has 0 constraints and 54 variables.
 
    Preprocessed model has 34 constraints and 34 variables
    with 120 Jacobian elements, 96 of which are nonlinear.
 
 ** Feasible solution to a square system.
 
 
 CONOPT time Total                            0.000 seconds
   of which: Function evaluations             0.000 =  0.0%
             1st Derivative evaluations       0.000 =  0.0%
 


**** REPORT SUMMARY :        0 INFEASIBLE
                             0  DEPENDENT
                             0     ERRORS
GAMS 29.1.0  rbb4180b Released Nov 15, 2019 WEX-WEI x86 64bit/MS Windows                                                                                                                                                              05/17/21 20:12:23 Page 27
G e n e r a l   A l g e b r a i c   M o d e l i n g   S y s t e m
Model Statistics    SOLVE p_static_B Using CNS From line 577


LOOPS                                   l1   l1_7


MODEL STATISTICS

BLOCKS OF EQUATIONS           9     SINGLE EQUATIONS           34
BLOCKS OF VARIABLES          10     SINGLE VARIABLES           88
NON ZERO ELEMENTS           208     NON LINEAR N-Z            184
DERIVATIVE POOL              20     CONSTANT POOL              16
CODE LENGTH                 353
SINGLE =E|X= EQUS            34     SINGLE UNFIXED VARS        34


GENERATION TIME      =        0.000 SECONDS      3 MB  29.1.0 rbb4180b WEX-WEI


EXECUTION TIME       =        0.000 SECONDS      3 MB  29.1.0 rbb4180b WEX-WEI
               L O O P S                 l1 l1_7

GAMS 29.1.0  rbb4180b Released Nov 15, 2019 WEX-WEI x86 64bit/MS Windows                                                                                                                                                              05/17/21 20:12:23 Page 28
G e n e r a l   A l g e b r a i c   M o d e l i n g   S y s t e m
Solution Report     SOLVE p_static_B Using CNS From line 577


               S O L V E      S U M M A R Y

     MODEL   p_static_B          
     TYPE    CNS                 
     SOLVER  CONOPT4             FROM LINE  577

**** SOLVER STATUS     1 Normal Completion         
**** MODEL STATUS      16 Solved                   

 RESOURCE USAGE, LIMIT          0.016      1000.000
 ITERATION COUNT, LIMIT         1    2000000000
 EVALUATION ERRORS              0             0

CONOPT 4         29.1.0 rbb4180b Released Nov 15, 2019 WEI x86 64bit/MS Window
 
 
    C O N O P T   version 4.15
    Copyright (C) ARKI Consulting and Development A/S
                  Bagsvaerdvej 246 A
                  DK-2880 Bagsvaerd, Denmark
    Licensed to:  GAMS/CONOPT OEM License
 
 
    The user model has 34 constraints and 88 variables
    with 208 Jacobian elements, 184 of which are nonlinear.
 
    The pre-triangular part of the model has 0 constraints and 54 variables.
 
    Preprocessed model has 34 constraints and 34 variables
    with 120 Jacobian elements, 96 of which are nonlinear.
 
 ** Feasible solution to a square system.
 
 
 CONOPT time Total                            0.000 seconds
   of which: Function evaluations             0.000 =  0.0%
             1st Derivative evaluations       0.000 =  0.0%
 


**** REPORT SUMMARY :        0 INFEASIBLE
                             0  DEPENDENT
                             0     ERRORS
GAMS 29.1.0  rbb4180b Released Nov 15, 2019 WEX-WEI x86 64bit/MS Windows                                                                                                                                                              05/17/21 20:12:23 Page 29
G e n e r a l   A l g e b r a i c   M o d e l i n g   S y s t e m
Model Statistics    SOLVE p_static_B Using CNS From line 577


LOOPS                                   l1   l1_8


MODEL STATISTICS

BLOCKS OF EQUATIONS           9     SINGLE EQUATIONS           34
BLOCKS OF VARIABLES          10     SINGLE VARIABLES           88
NON ZERO ELEMENTS           208     NON LINEAR N-Z            184
DERIVATIVE POOL              20     CONSTANT POOL              16
CODE LENGTH                 353
SINGLE =E|X= EQUS            34     SINGLE UNFIXED VARS        34


GENERATION TIME      =        0.015 SECONDS      3 MB  29.1.0 rbb4180b WEX-WEI


EXECUTION TIME       =        0.015 SECONDS      3 MB  29.1.0 rbb4180b WEX-WEI
               L O O P S                 l1 l1_8

GAMS 29.1.0  rbb4180b Released Nov 15, 2019 WEX-WEI x86 64bit/MS Windows                                                                                                                                                              05/17/21 20:12:23 Page 30
G e n e r a l   A l g e b r a i c   M o d e l i n g   S y s t e m
Solution Report     SOLVE p_static_B Using CNS From line 577


               S O L V E      S U M M A R Y

     MODEL   p_static_B          
     TYPE    CNS                 
     SOLVER  CONOPT4             FROM LINE  577

**** SOLVER STATUS     1 Normal Completion         
**** MODEL STATUS      16 Solved                   

 RESOURCE USAGE, LIMIT          0.000      1000.000
 ITERATION COUNT, LIMIT         1    2000000000
 EVALUATION ERRORS              0             0

CONOPT 4         29.1.0 rbb4180b Released Nov 15, 2019 WEI x86 64bit/MS Window
 
 
    C O N O P T   version 4.15
    Copyright (C) ARKI Consulting and Development A/S
                  Bagsvaerdvej 246 A
                  DK-2880 Bagsvaerd, Denmark
    Licensed to:  GAMS/CONOPT OEM License
 
 
    The user model has 34 constraints and 88 variables
    with 208 Jacobian elements, 184 of which are nonlinear.
 
    The pre-triangular part of the model has 0 constraints and 54 variables.
 
    Preprocessed model has 34 constraints and 34 variables
    with 120 Jacobian elements, 96 of which are nonlinear.
 
 ** Feasible solution to a square system.
 
 
 CONOPT time Total                            0.000 seconds
   of which: Function evaluations             0.000 =  0.0%
             1st Derivative evaluations       0.000 =  0.0%
 


**** REPORT SUMMARY :        0 INFEASIBLE
                             0  DEPENDENT
                             0     ERRORS
GAMS 29.1.0  rbb4180b Released Nov 15, 2019 WEX-WEI x86 64bit/MS Windows                                                                                                                                                              05/17/21 20:12:23 Page 31
G e n e r a l   A l g e b r a i c   M o d e l i n g   S y s t e m
Model Statistics    SOLVE p_static_B Using CNS From line 577


LOOPS                                   l1   l1_9


MODEL STATISTICS

BLOCKS OF EQUATIONS           9     SINGLE EQUATIONS           34
BLOCKS OF VARIABLES          10     SINGLE VARIABLES           88
NON ZERO ELEMENTS           208     NON LINEAR N-Z            184
DERIVATIVE POOL              20     CONSTANT POOL              16
CODE LENGTH                 353
SINGLE =E|X= EQUS            34     SINGLE UNFIXED VARS        34


GENERATION TIME      =        0.000 SECONDS      3 MB  29.1.0 rbb4180b WEX-WEI


EXECUTION TIME       =        0.000 SECONDS      3 MB  29.1.0 rbb4180b WEX-WEI
               L O O P S                 l1 l1_9

GAMS 29.1.0  rbb4180b Released Nov 15, 2019 WEX-WEI x86 64bit/MS Windows                                                                                                                                                              05/17/21 20:12:23 Page 32
G e n e r a l   A l g e b r a i c   M o d e l i n g   S y s t e m
Solution Report     SOLVE p_static_B Using CNS From line 577


               S O L V E      S U M M A R Y

     MODEL   p_static_B          
     TYPE    CNS                 
     SOLVER  CONOPT4             FROM LINE  577

**** SOLVER STATUS     1 Normal Completion         
**** MODEL STATUS      16 Solved                   

 RESOURCE USAGE, LIMIT          0.000      1000.000
 ITERATION COUNT, LIMIT         1    2000000000
 EVALUATION ERRORS              0             0

CONOPT 4         29.1.0 rbb4180b Released Nov 15, 2019 WEI x86 64bit/MS Window
 
 
    C O N O P T   version 4.15
    Copyright (C) ARKI Consulting and Development A/S
                  Bagsvaerdvej 246 A
                  DK-2880 Bagsvaerd, Denmark
    Licensed to:  GAMS/CONOPT OEM License
 
 
    The user model has 34 constraints and 88 variables
    with 208 Jacobian elements, 184 of which are nonlinear.
 
    The pre-triangular part of the model has 0 constraints and 54 variables.
 
    Preprocessed model has 34 constraints and 34 variables
    with 120 Jacobian elements, 96 of which are nonlinear.
 
 ** Feasible solution to a square system.
 
 
 CONOPT time Total                            0.001 seconds
   of which: Function evaluations             0.000 =  0.0%
             1st Derivative evaluations       0.000 =  0.0%
 


**** REPORT SUMMARY :        0 INFEASIBLE
                             0  DEPENDENT
                             0     ERRORS
GAMS 29.1.0  rbb4180b Released Nov 15, 2019 WEX-WEI x86 64bit/MS Windows                                                                                                                                                              05/17/21 20:12:23 Page 33
G e n e r a l   A l g e b r a i c   M o d e l i n g   S y s t e m
Model Statistics    SOLVE p_static_B Using CNS From line 577


LOOPS                                   l1   l1_10


MODEL STATISTICS

BLOCKS OF EQUATIONS           9     SINGLE EQUATIONS           34
BLOCKS OF VARIABLES          10     SINGLE VARIABLES           88
NON ZERO ELEMENTS           208     NON LINEAR N-Z            184
DERIVATIVE POOL              20     CONSTANT POOL              16
CODE LENGTH                 353
SINGLE =E|X= EQUS            34     SINGLE UNFIXED VARS        34


GENERATION TIME      =        0.000 SECONDS      3 MB  29.1.0 rbb4180b WEX-WEI


EXECUTION TIME       =        0.000 SECONDS      3 MB  29.1.0 rbb4180b WEX-WEI
               L O O P S                 l1 l1_10

GAMS 29.1.0  rbb4180b Released Nov 15, 2019 WEX-WEI x86 64bit/MS Windows                                                                                                                                                              05/17/21 20:12:23 Page 34
G e n e r a l   A l g e b r a i c   M o d e l i n g   S y s t e m
Solution Report     SOLVE p_static_B Using CNS From line 577


               S O L V E      S U M M A R Y

     MODEL   p_static_B          
     TYPE    CNS                 
     SOLVER  CONOPT4             FROM LINE  577

**** SOLVER STATUS     1 Normal Completion         
**** MODEL STATUS      16 Solved                   

 RESOURCE USAGE, LIMIT          0.000      1000.000
 ITERATION COUNT, LIMIT         1    2000000000
 EVALUATION ERRORS              0             0

CONOPT 4         29.1.0 rbb4180b Released Nov 15, 2019 WEI x86 64bit/MS Window
 
 
    C O N O P T   version 4.15
    Copyright (C) ARKI Consulting and Development A/S
                  Bagsvaerdvej 246 A
                  DK-2880 Bagsvaerd, Denmark
    Licensed to:  GAMS/CONOPT OEM License
 
 
    The user model has 34 constraints and 88 variables
    with 208 Jacobian elements, 184 of which are nonlinear.
 
    The pre-triangular part of the model has 0 constraints and 54 variables.
 
    Preprocessed model has 34 constraints and 34 variables
    with 120 Jacobian elements, 96 of which are nonlinear.
 
 ** Feasible solution to a square system.
 
 
 CONOPT time Total                            0.000 seconds
   of which: Function evaluations             0.000 =  0.0%
             1st Derivative evaluations       0.000 =  0.0%
 


**** REPORT SUMMARY :        0 INFEASIBLE
                             0  DEPENDENT
                             0     ERRORS
GAMS 29.1.0  rbb4180b Released Nov 15, 2019 WEX-WEI x86 64bit/MS Windows                                                                                                                                                              05/17/21 20:12:23 Page 35
G e n e r a l   A l g e b r a i c   M o d e l i n g   S y s t e m
E x e c u t i o n


EXECUTION TIME       =        0.000 SECONDS      3 MB  29.1.0 rbb4180b WEX-WEI


USER: Medium MUD - 10 User License                   G200108/0001CA-WIN
      DREAM, Danish Rational Economic Agents Model                DC620


**** FILE SUMMARY

Restart    C:\Users\sxj477\Documents\GitHub\GPM_v05\work_folder\_gams_py_gcp0.g00
Input      C:\Users\sxj477\Documents\GitHub\GPM_v05\work_folder\p_static_B.gms
Output     C:\Users\sxj477\Documents\GitHub\GPM_v05\work_folder\_gams_py_gjo1.lst
