GAMS 29.1.0  rbb4180b Released Nov 15, 2019 WEX-WEI x86 64bit/MS Windows                                                                                                                                                              03/23/21 11:02:39 Page 57
G e n e r a l   A l g e b r a i c   M o d e l i n g   S y s t e m
C o m p i l a t i o n


3367  sets
3368          alias_set
3369          alias_map2
3370          l1
3371          t
3372          s
3373          n
3374  ;
3375   
3376   
3377  sets
3378          alias_[alias_set,alias_map2]
3379          qD_l1_subset[t,s,n]
3380          Peq_l1_subset[t,n]
3381          qS_l1_subset[t,s,n]
3382          vD_l1_subset[t,s,n]
3383          tauD_l1_subset[t,s,n]
3384  ;
3385   
GDXIN   C:\Users\sxj477\Documents\GitHub\GPM_v05\work_folder\shock.gdx
--- MERGE alias_set = 1:alias_set
--- MERGE alias_map2 = 2:alias_map2
--- LOAD  l1 = 3:l1
--- MERGE t = 4:t
--- MERGE s = 5:s
--- MERGE n = 6:n
--- MERGE alias_ = 7:alias_
--- LOAD  qD_l1_subset = 8:qD_l1_subset
--- LOAD  Peq_l1_subset = 10:Peq_l1_subset
--- LOAD  qS_l1_subset = 12:qS_l1_subset
--- LOAD  vD_l1_subset = 14:vD_l1_subset
--- LOAD  tauD_l1_subset = 16:tauD_l1_subset
3402   parameters
3403          qD_l1[t,s,n,l1]
3404          Peq_l1[t,n,l1]
3405          qS_l1[t,s,n,l1]
3406          vD_l1[t,s,n,l1]
3407          tauD_l1[t,s,n,l1]
3408  ;
3409   
GDXIN   C:\Users\sxj477\Documents\GitHub\GPM_v05\work_folder\shock.gdx
--- LOAD  qD_l1 = 9:qD_l1
--- LOAD  Peq_l1 = 11:Peq_l1
--- LOAD  qS_l1 = 13:qS_l1
--- LOAD  vD_l1 = 15:vD_l1
--- LOAD  tauD_l1 = 17:tauD_l1
3418   loop( (l1),    qD.fx[t,s,n]$(qD_l1_subset[t,s,n]) = qD_l1[t,s,n,l1];
3419          Peq.fx[t,n]$(Peq_l1_subset[t,n]) = Peq_l1[t,n,l1];
3420          qS.fx[t,s,n]$(qS_l1_subset[t,s,n]) = qS_l1[t,s,n,l1];
3421          vD.fx[t,s,n]$(vD_l1_subset[t,s,n]) = vD_l1[t,s,n,l1];
3422          tauD.fx[t,s,n]$(tauD_l1_subset[t,s,n]) = tauD_l1[t,s,n,l1];
3423   
3424   
GAMS 29.1.0  rbb4180b Released Nov 15, 2019 WEX-WEI x86 64bit/MS Windows                                                                                                                                                              03/23/21 11:02:39 Page 58
G e n e r a l   A l g e b r a i c   M o d e l i n g   S y s t e m
C o m p i l a t i o n


3425  solve ex1_DC using CNS;
3426   
3427  )
3428   
GAMS 29.1.0  rbb4180b Released Nov 15, 2019 WEX-WEI x86 64bit/MS Windows                                                                                                                                                              03/23/21 11:02:39 Page 59
G e n e r a l   A l g e b r a i c   M o d e l i n g   S y s t e m
Include File Summary


   SEQ   GLOBAL TYPE      PARENT   LOCAL  FILENAME

     1        1 INPUT          0       0  C:\Users\sxj477\Documents\GitHub\GPM_v05\work_folder\ex1_DC.gms
     2     3386 GDXIN          1      20  C:\Users\sxj477\Documents\GitHub\GPM_v05\work_folder\shock.gdx
     3     3410 GDXIN          1      44  C:\Users\sxj477\Documents\GitHub\GPM_v05\work_folder\shock.gdx


COMPILATION TIME     =        0.015 SECONDS      3 MB  29.1.0 rbb4180b WEX-WEI
GAMS 29.1.0  rbb4180b Released Nov 15, 2019 WEX-WEI x86 64bit/MS Windows                                                                                                                                                              03/23/21 11:02:39 Page 60
G e n e r a l   A l g e b r a i c   M o d e l i n g   S y s t e m
Model Statistics    SOLVE ex1_DC Using CNS From line 3425


LOOPS                                   l1   l1_1


MODEL STATISTICS

BLOCKS OF EQUATIONS          35     SINGLE EQUATIONS          231
BLOCKS OF VARIABLES          28     SINGLE VARIABLES          422
NON ZERO ELEMENTS         1,386     NON LINEAR N-Z          1,004
DERIVATIVE POOL              20     CONSTANT POOL              19
CODE LENGTH               2,021
SINGLE =E|X= EQUS           231     SINGLE UNFIXED VARS       231


GENERATION TIME      =        0.047 SECONDS      4 MB  29.1.0 rbb4180b WEX-WEI


EXECUTION TIME       =        0.047 SECONDS      4 MB  29.1.0 rbb4180b WEX-WEI
               L O O P S                 l1 l1_1

GAMS 29.1.0  rbb4180b Released Nov 15, 2019 WEX-WEI x86 64bit/MS Windows                                                                                                                                                              03/23/21 11:02:39 Page 61
G e n e r a l   A l g e b r a i c   M o d e l i n g   S y s t e m
Solution Report     SOLVE ex1_DC Using CNS From line 3425


               S O L V E      S U M M A R Y

     MODEL   ex1_DC              
     TYPE    CNS                 
     SOLVER  CONOPT4             FROM LINE  3425

**** SOLVER STATUS     1 Normal Completion         
**** MODEL STATUS      16 Solved                   

 RESOURCE USAGE, LIMIT          0.000      1000.000
 ITERATION COUNT, LIMIT         1    2000000000
 EVALUATION ERRORS              0             0

CONOPT 4         29.1.0 rbb4180b Released Nov 15, 2019 WEI x86 64bit/MS Window
 
 
    C O N O P T   version 4.15
    Copyright (C) ARKI Consulting and Development A/S
                  Bagsvaerdvej 246 A
                  DK-2880 Bagsvaerd, Denmark
    Licensed to:  GAMS/CONOPT OEM License
 
 
    The user model has 231 constraints and 422 variables
    with 1386 Jacobian elements, 1004 of which are nonlinear.
 
    The pre-triangular part of the model has 87 constraints and 278 variables.
 
    Preprocessed model has 144 constraints and 144 variables
    with 524 Jacobian elements, 396 of which are nonlinear.
 
 ** Feasible solution to a square system.
 
 
 CONOPT time Total                            0.000 seconds
   of which: Function evaluations             0.000 =  0.0%
             1st Derivative evaluations       0.000 =  0.0%
             Interval derivative evals        0.000 =  0.0%
 


**** REPORT SUMMARY :        0 INFEASIBLE
                             0  DEPENDENT
                             0     ERRORS
GAMS 29.1.0  rbb4180b Released Nov 15, 2019 WEX-WEI x86 64bit/MS Windows                                                                                                                                                              03/23/21 11:02:39 Page 62
G e n e r a l   A l g e b r a i c   M o d e l i n g   S y s t e m
Model Statistics    SOLVE ex1_DC Using CNS From line 3425


LOOPS                                   l1   l1_2


MODEL STATISTICS

BLOCKS OF EQUATIONS          35     SINGLE EQUATIONS          231
BLOCKS OF VARIABLES          28     SINGLE VARIABLES          422
NON ZERO ELEMENTS         1,386     NON LINEAR N-Z          1,004
DERIVATIVE POOL              20     CONSTANT POOL              19
CODE LENGTH               2,021
SINGLE =E|X= EQUS           231     SINGLE UNFIXED VARS       231


GENERATION TIME      =        0.047 SECONDS      3 MB  29.1.0 rbb4180b WEX-WEI


EXECUTION TIME       =        0.047 SECONDS      3 MB  29.1.0 rbb4180b WEX-WEI
               L O O P S                 l1 l1_2

GAMS 29.1.0  rbb4180b Released Nov 15, 2019 WEX-WEI x86 64bit/MS Windows                                                                                                                                                              03/23/21 11:02:39 Page 63
G e n e r a l   A l g e b r a i c   M o d e l i n g   S y s t e m
Solution Report     SOLVE ex1_DC Using CNS From line 3425


               S O L V E      S U M M A R Y

     MODEL   ex1_DC              
     TYPE    CNS                 
     SOLVER  CONOPT4             FROM LINE  3425

**** SOLVER STATUS     1 Normal Completion         
**** MODEL STATUS      16 Solved                   

 RESOURCE USAGE, LIMIT          0.000      1000.000
 ITERATION COUNT, LIMIT         1    2000000000
 EVALUATION ERRORS              0             0

CONOPT 4         29.1.0 rbb4180b Released Nov 15, 2019 WEI x86 64bit/MS Window
 
 
    C O N O P T   version 4.15
    Copyright (C) ARKI Consulting and Development A/S
                  Bagsvaerdvej 246 A
                  DK-2880 Bagsvaerd, Denmark
    Licensed to:  GAMS/CONOPT OEM License
 
 
    The user model has 231 constraints and 422 variables
    with 1386 Jacobian elements, 1004 of which are nonlinear.
 
    The pre-triangular part of the model has 87 constraints and 278 variables.
 
    Preprocessed model has 144 constraints and 144 variables
    with 524 Jacobian elements, 396 of which are nonlinear.
 
 ** Feasible solution to a square system.
 
 
 CONOPT time Total                            0.000 seconds
   of which: Function evaluations             0.000 =  0.0%
             1st Derivative evaluations       0.000 =  0.0%
             Interval derivative evals        0.000 =  0.0%
 


**** REPORT SUMMARY :        0 INFEASIBLE
                             0  DEPENDENT
                             0     ERRORS
GAMS 29.1.0  rbb4180b Released Nov 15, 2019 WEX-WEI x86 64bit/MS Windows                                                                                                                                                              03/23/21 11:02:39 Page 64
G e n e r a l   A l g e b r a i c   M o d e l i n g   S y s t e m
Model Statistics    SOLVE ex1_DC Using CNS From line 3425


LOOPS                                   l1   l1_3


MODEL STATISTICS

BLOCKS OF EQUATIONS          35     SINGLE EQUATIONS          231
BLOCKS OF VARIABLES          28     SINGLE VARIABLES          422
NON ZERO ELEMENTS         1,386     NON LINEAR N-Z          1,004
DERIVATIVE POOL              20     CONSTANT POOL              19
CODE LENGTH               2,021
SINGLE =E|X= EQUS           231     SINGLE UNFIXED VARS       231


GENERATION TIME      =        0.047 SECONDS      3 MB  29.1.0 rbb4180b WEX-WEI


EXECUTION TIME       =        0.047 SECONDS      3 MB  29.1.0 rbb4180b WEX-WEI
               L O O P S                 l1 l1_3

GAMS 29.1.0  rbb4180b Released Nov 15, 2019 WEX-WEI x86 64bit/MS Windows                                                                                                                                                              03/23/21 11:02:39 Page 65
G e n e r a l   A l g e b r a i c   M o d e l i n g   S y s t e m
Solution Report     SOLVE ex1_DC Using CNS From line 3425


               S O L V E      S U M M A R Y

     MODEL   ex1_DC              
     TYPE    CNS                 
     SOLVER  CONOPT4             FROM LINE  3425

**** SOLVER STATUS     1 Normal Completion         
**** MODEL STATUS      16 Solved                   

 RESOURCE USAGE, LIMIT          0.000      1000.000
 ITERATION COUNT, LIMIT         1    2000000000
 EVALUATION ERRORS              0             0

CONOPT 4         29.1.0 rbb4180b Released Nov 15, 2019 WEI x86 64bit/MS Window
 
 
    C O N O P T   version 4.15
    Copyright (C) ARKI Consulting and Development A/S
                  Bagsvaerdvej 246 A
                  DK-2880 Bagsvaerd, Denmark
    Licensed to:  GAMS/CONOPT OEM License
 
 
    The user model has 231 constraints and 422 variables
    with 1386 Jacobian elements, 1004 of which are nonlinear.
 
    The pre-triangular part of the model has 87 constraints and 278 variables.
 
    Preprocessed model has 144 constraints and 144 variables
    with 524 Jacobian elements, 396 of which are nonlinear.
 
 ** Feasible solution to a square system.
 
 
 CONOPT time Total                            0.000 seconds
   of which: Function evaluations             0.000 =  0.0%
             1st Derivative evaluations       0.000 =  0.0%
             Interval derivative evals        0.000 =  0.0%
 


**** REPORT SUMMARY :        0 INFEASIBLE
                             0  DEPENDENT
                             0     ERRORS
GAMS 29.1.0  rbb4180b Released Nov 15, 2019 WEX-WEI x86 64bit/MS Windows                                                                                                                                                              03/23/21 11:02:39 Page 66
G e n e r a l   A l g e b r a i c   M o d e l i n g   S y s t e m
Model Statistics    SOLVE ex1_DC Using CNS From line 3425


LOOPS                                   l1   l1_4


MODEL STATISTICS

BLOCKS OF EQUATIONS          35     SINGLE EQUATIONS          231
BLOCKS OF VARIABLES          28     SINGLE VARIABLES          422
NON ZERO ELEMENTS         1,386     NON LINEAR N-Z          1,004
DERIVATIVE POOL              20     CONSTANT POOL              19
CODE LENGTH               2,021
SINGLE =E|X= EQUS           231     SINGLE UNFIXED VARS       231


GENERATION TIME      =        0.031 SECONDS      3 MB  29.1.0 rbb4180b WEX-WEI


EXECUTION TIME       =        0.031 SECONDS      3 MB  29.1.0 rbb4180b WEX-WEI
               L O O P S                 l1 l1_4

GAMS 29.1.0  rbb4180b Released Nov 15, 2019 WEX-WEI x86 64bit/MS Windows                                                                                                                                                              03/23/21 11:02:39 Page 67
G e n e r a l   A l g e b r a i c   M o d e l i n g   S y s t e m
Solution Report     SOLVE ex1_DC Using CNS From line 3425


               S O L V E      S U M M A R Y

     MODEL   ex1_DC              
     TYPE    CNS                 
     SOLVER  CONOPT4             FROM LINE  3425

**** SOLVER STATUS     1 Normal Completion         
**** MODEL STATUS      16 Solved                   

 RESOURCE USAGE, LIMIT          0.016      1000.000
 ITERATION COUNT, LIMIT         1    2000000000
 EVALUATION ERRORS              0             0

CONOPT 4         29.1.0 rbb4180b Released Nov 15, 2019 WEI x86 64bit/MS Window
 
 
    C O N O P T   version 4.15
    Copyright (C) ARKI Consulting and Development A/S
                  Bagsvaerdvej 246 A
                  DK-2880 Bagsvaerd, Denmark
    Licensed to:  GAMS/CONOPT OEM License
 
 
    The user model has 231 constraints and 422 variables
    with 1386 Jacobian elements, 1004 of which are nonlinear.
 
    The pre-triangular part of the model has 87 constraints and 278 variables.
 
    Preprocessed model has 144 constraints and 144 variables
    with 524 Jacobian elements, 396 of which are nonlinear.
 
 ** Feasible solution to a square system.
 
 
 CONOPT time Total                            0.000 seconds
   of which: Function evaluations             0.000 =  0.0%
             1st Derivative evaluations       0.000 =  0.0%
             Interval derivative evals        0.000 =  0.0%
 


**** REPORT SUMMARY :        0 INFEASIBLE
                             0  DEPENDENT
                             0     ERRORS
GAMS 29.1.0  rbb4180b Released Nov 15, 2019 WEX-WEI x86 64bit/MS Windows                                                                                                                                                              03/23/21 11:02:39 Page 68
G e n e r a l   A l g e b r a i c   M o d e l i n g   S y s t e m
Model Statistics    SOLVE ex1_DC Using CNS From line 3425


LOOPS                                   l1   l1_5


MODEL STATISTICS

BLOCKS OF EQUATIONS          35     SINGLE EQUATIONS          231
BLOCKS OF VARIABLES          28     SINGLE VARIABLES          422
NON ZERO ELEMENTS         1,386     NON LINEAR N-Z          1,004
DERIVATIVE POOL              20     CONSTANT POOL              19
CODE LENGTH               2,021
SINGLE =E|X= EQUS           231     SINGLE UNFIXED VARS       231


GENERATION TIME      =        0.015 SECONDS      3 MB  29.1.0 rbb4180b WEX-WEI


EXECUTION TIME       =        0.015 SECONDS      3 MB  29.1.0 rbb4180b WEX-WEI
               L O O P S                 l1 l1_5

GAMS 29.1.0  rbb4180b Released Nov 15, 2019 WEX-WEI x86 64bit/MS Windows                                                                                                                                                              03/23/21 11:02:39 Page 69
G e n e r a l   A l g e b r a i c   M o d e l i n g   S y s t e m
Solution Report     SOLVE ex1_DC Using CNS From line 3425


               S O L V E      S U M M A R Y

     MODEL   ex1_DC              
     TYPE    CNS                 
     SOLVER  CONOPT4             FROM LINE  3425

**** SOLVER STATUS     1 Normal Completion         
**** MODEL STATUS      16 Solved                   

 RESOURCE USAGE, LIMIT          0.000      1000.000
 ITERATION COUNT, LIMIT         1    2000000000
 EVALUATION ERRORS              0             0

CONOPT 4         29.1.0 rbb4180b Released Nov 15, 2019 WEI x86 64bit/MS Window
 
 
    C O N O P T   version 4.15
    Copyright (C) ARKI Consulting and Development A/S
                  Bagsvaerdvej 246 A
                  DK-2880 Bagsvaerd, Denmark
    Licensed to:  GAMS/CONOPT OEM License
 
 
    The user model has 231 constraints and 422 variables
    with 1386 Jacobian elements, 1004 of which are nonlinear.
 
    The pre-triangular part of the model has 87 constraints and 278 variables.
 
    Preprocessed model has 144 constraints and 144 variables
    with 524 Jacobian elements, 396 of which are nonlinear.
 
 ** Feasible solution to a square system.
 
 
 CONOPT time Total                            0.000 seconds
   of which: Function evaluations             0.000 =  0.0%
             1st Derivative evaluations       0.000 =  0.0%
             Interval derivative evals        0.000 =  0.0%
 


**** REPORT SUMMARY :        0 INFEASIBLE
                             0  DEPENDENT
                             0     ERRORS
GAMS 29.1.0  rbb4180b Released Nov 15, 2019 WEX-WEI x86 64bit/MS Windows                                                                                                                                                              03/23/21 11:02:39 Page 70
G e n e r a l   A l g e b r a i c   M o d e l i n g   S y s t e m
Model Statistics    SOLVE ex1_DC Using CNS From line 3425


LOOPS                                   l1   l1_6


MODEL STATISTICS

BLOCKS OF EQUATIONS          35     SINGLE EQUATIONS          231
BLOCKS OF VARIABLES          28     SINGLE VARIABLES          422
NON ZERO ELEMENTS         1,386     NON LINEAR N-Z          1,004
DERIVATIVE POOL              20     CONSTANT POOL              19
CODE LENGTH               2,021
SINGLE =E|X= EQUS           231     SINGLE UNFIXED VARS       231


GENERATION TIME      =        0.062 SECONDS      3 MB  29.1.0 rbb4180b WEX-WEI


EXECUTION TIME       =        0.062 SECONDS      3 MB  29.1.0 rbb4180b WEX-WEI
               L O O P S                 l1 l1_6

GAMS 29.1.0  rbb4180b Released Nov 15, 2019 WEX-WEI x86 64bit/MS Windows                                                                                                                                                              03/23/21 11:02:39 Page 71
G e n e r a l   A l g e b r a i c   M o d e l i n g   S y s t e m
Solution Report     SOLVE ex1_DC Using CNS From line 3425


               S O L V E      S U M M A R Y

     MODEL   ex1_DC              
     TYPE    CNS                 
     SOLVER  CONOPT4             FROM LINE  3425

**** SOLVER STATUS     1 Normal Completion         
**** MODEL STATUS      16 Solved                   

 RESOURCE USAGE, LIMIT          0.000      1000.000
 ITERATION COUNT, LIMIT         1    2000000000
 EVALUATION ERRORS              0             0

CONOPT 4         29.1.0 rbb4180b Released Nov 15, 2019 WEI x86 64bit/MS Window
 
 
    C O N O P T   version 4.15
    Copyright (C) ARKI Consulting and Development A/S
                  Bagsvaerdvej 246 A
                  DK-2880 Bagsvaerd, Denmark
    Licensed to:  GAMS/CONOPT OEM License
 
 
    The user model has 231 constraints and 422 variables
    with 1386 Jacobian elements, 1004 of which are nonlinear.
 
    The pre-triangular part of the model has 87 constraints and 278 variables.
 
    Preprocessed model has 144 constraints and 144 variables
    with 524 Jacobian elements, 396 of which are nonlinear.
 
 ** Feasible solution to a square system.
 
 
 CONOPT time Total                            0.000 seconds
   of which: Function evaluations             0.000 =  0.0%
             1st Derivative evaluations       0.000 =  0.0%
             Interval derivative evals        0.000 =  0.0%
 


**** REPORT SUMMARY :        0 INFEASIBLE
                             0  DEPENDENT
                             0     ERRORS
GAMS 29.1.0  rbb4180b Released Nov 15, 2019 WEX-WEI x86 64bit/MS Windows                                                                                                                                                              03/23/21 11:02:39 Page 72
G e n e r a l   A l g e b r a i c   M o d e l i n g   S y s t e m
Model Statistics    SOLVE ex1_DC Using CNS From line 3425


LOOPS                                   l1   l1_7


MODEL STATISTICS

BLOCKS OF EQUATIONS          35     SINGLE EQUATIONS          231
BLOCKS OF VARIABLES          28     SINGLE VARIABLES          422
NON ZERO ELEMENTS         1,386     NON LINEAR N-Z          1,004
DERIVATIVE POOL              20     CONSTANT POOL              19
CODE LENGTH               2,021
SINGLE =E|X= EQUS           231     SINGLE UNFIXED VARS       231


GENERATION TIME      =        0.031 SECONDS      3 MB  29.1.0 rbb4180b WEX-WEI


EXECUTION TIME       =        0.031 SECONDS      3 MB  29.1.0 rbb4180b WEX-WEI
               L O O P S                 l1 l1_7

GAMS 29.1.0  rbb4180b Released Nov 15, 2019 WEX-WEI x86 64bit/MS Windows                                                                                                                                                              03/23/21 11:02:39 Page 73
G e n e r a l   A l g e b r a i c   M o d e l i n g   S y s t e m
Solution Report     SOLVE ex1_DC Using CNS From line 3425


               S O L V E      S U M M A R Y

     MODEL   ex1_DC              
     TYPE    CNS                 
     SOLVER  CONOPT4             FROM LINE  3425

**** SOLVER STATUS     1 Normal Completion         
**** MODEL STATUS      16 Solved                   

 RESOURCE USAGE, LIMIT          0.016      1000.000
 ITERATION COUNT, LIMIT         1    2000000000
 EVALUATION ERRORS              0             0

CONOPT 4         29.1.0 rbb4180b Released Nov 15, 2019 WEI x86 64bit/MS Window
 
 
    C O N O P T   version 4.15
    Copyright (C) ARKI Consulting and Development A/S
                  Bagsvaerdvej 246 A
                  DK-2880 Bagsvaerd, Denmark
    Licensed to:  GAMS/CONOPT OEM License
 
 
    The user model has 231 constraints and 422 variables
    with 1386 Jacobian elements, 1004 of which are nonlinear.
 
    The pre-triangular part of the model has 87 constraints and 278 variables.
 
    Preprocessed model has 144 constraints and 144 variables
    with 524 Jacobian elements, 396 of which are nonlinear.
 
 ** Feasible solution to a square system.
 
 
 CONOPT time Total                            0.000 seconds
   of which: Function evaluations             0.000 =  0.0%
             1st Derivative evaluations       0.000 =  0.0%
             Interval derivative evals        0.000 =  0.0%
 


**** REPORT SUMMARY :        0 INFEASIBLE
                             0  DEPENDENT
                             0     ERRORS
GAMS 29.1.0  rbb4180b Released Nov 15, 2019 WEX-WEI x86 64bit/MS Windows                                                                                                                                                              03/23/21 11:02:39 Page 74
G e n e r a l   A l g e b r a i c   M o d e l i n g   S y s t e m
Model Statistics    SOLVE ex1_DC Using CNS From line 3425


LOOPS                                   l1   l1_8


MODEL STATISTICS

BLOCKS OF EQUATIONS          35     SINGLE EQUATIONS          231
BLOCKS OF VARIABLES          28     SINGLE VARIABLES          422
NON ZERO ELEMENTS         1,386     NON LINEAR N-Z          1,004
DERIVATIVE POOL              20     CONSTANT POOL              19
CODE LENGTH               2,021
SINGLE =E|X= EQUS           231     SINGLE UNFIXED VARS       231


GENERATION TIME      =        0.031 SECONDS      3 MB  29.1.0 rbb4180b WEX-WEI


EXECUTION TIME       =        0.031 SECONDS      3 MB  29.1.0 rbb4180b WEX-WEI
               L O O P S                 l1 l1_8

GAMS 29.1.0  rbb4180b Released Nov 15, 2019 WEX-WEI x86 64bit/MS Windows                                                                                                                                                              03/23/21 11:02:39 Page 75
G e n e r a l   A l g e b r a i c   M o d e l i n g   S y s t e m
Solution Report     SOLVE ex1_DC Using CNS From line 3425


               S O L V E      S U M M A R Y

     MODEL   ex1_DC              
     TYPE    CNS                 
     SOLVER  CONOPT4             FROM LINE  3425

**** SOLVER STATUS     1 Normal Completion         
**** MODEL STATUS      16 Solved                   

 RESOURCE USAGE, LIMIT          0.000      1000.000
 ITERATION COUNT, LIMIT         1    2000000000
 EVALUATION ERRORS              0             0

CONOPT 4         29.1.0 rbb4180b Released Nov 15, 2019 WEI x86 64bit/MS Window
 
 
    C O N O P T   version 4.15
    Copyright (C) ARKI Consulting and Development A/S
                  Bagsvaerdvej 246 A
                  DK-2880 Bagsvaerd, Denmark
    Licensed to:  GAMS/CONOPT OEM License
 
 
    The user model has 231 constraints and 422 variables
    with 1386 Jacobian elements, 1004 of which are nonlinear.
 
    The pre-triangular part of the model has 87 constraints and 278 variables.
 
    Preprocessed model has 144 constraints and 144 variables
    with 524 Jacobian elements, 396 of which are nonlinear.
 
 ** Feasible solution to a square system.
 
 
 CONOPT time Total                            0.000 seconds
   of which: Function evaluations             0.000 =  0.0%
             1st Derivative evaluations       0.000 =  0.0%
             Interval derivative evals        0.000 =  0.0%
 


**** REPORT SUMMARY :        0 INFEASIBLE
                             0  DEPENDENT
                             0     ERRORS
GAMS 29.1.0  rbb4180b Released Nov 15, 2019 WEX-WEI x86 64bit/MS Windows                                                                                                                                                              03/23/21 11:02:39 Page 76
G e n e r a l   A l g e b r a i c   M o d e l i n g   S y s t e m
Model Statistics    SOLVE ex1_DC Using CNS From line 3425


LOOPS                                   l1   l1_9


MODEL STATISTICS

BLOCKS OF EQUATIONS          35     SINGLE EQUATIONS          231
BLOCKS OF VARIABLES          28     SINGLE VARIABLES          422
NON ZERO ELEMENTS         1,386     NON LINEAR N-Z          1,004
DERIVATIVE POOL              20     CONSTANT POOL              19
CODE LENGTH               2,021
SINGLE =E|X= EQUS           231     SINGLE UNFIXED VARS       231


GENERATION TIME      =        0.047 SECONDS      3 MB  29.1.0 rbb4180b WEX-WEI


EXECUTION TIME       =        0.063 SECONDS      3 MB  29.1.0 rbb4180b WEX-WEI
               L O O P S                 l1 l1_9

GAMS 29.1.0  rbb4180b Released Nov 15, 2019 WEX-WEI x86 64bit/MS Windows                                                                                                                                                              03/23/21 11:02:39 Page 77
G e n e r a l   A l g e b r a i c   M o d e l i n g   S y s t e m
Solution Report     SOLVE ex1_DC Using CNS From line 3425


               S O L V E      S U M M A R Y

     MODEL   ex1_DC              
     TYPE    CNS                 
     SOLVER  CONOPT4             FROM LINE  3425

**** SOLVER STATUS     1 Normal Completion         
**** MODEL STATUS      16 Solved                   

 RESOURCE USAGE, LIMIT          0.000      1000.000
 ITERATION COUNT, LIMIT         1    2000000000
 EVALUATION ERRORS              0             0

CONOPT 4         29.1.0 rbb4180b Released Nov 15, 2019 WEI x86 64bit/MS Window
 
 
    C O N O P T   version 4.15
    Copyright (C) ARKI Consulting and Development A/S
                  Bagsvaerdvej 246 A
                  DK-2880 Bagsvaerd, Denmark
    Licensed to:  GAMS/CONOPT OEM License
 
 
    The user model has 231 constraints and 422 variables
    with 1386 Jacobian elements, 1004 of which are nonlinear.
 
    The pre-triangular part of the model has 87 constraints and 278 variables.
 
    Preprocessed model has 144 constraints and 144 variables
    with 524 Jacobian elements, 396 of which are nonlinear.
 
 ** Feasible solution to a square system.
 
 
 CONOPT time Total                            0.005 seconds
   of which: Function evaluations             0.000 =  0.0%
             1st Derivative evaluations       0.000 =  0.0%
             Interval derivative evals        0.000 =  0.0%
 


**** REPORT SUMMARY :        0 INFEASIBLE
                             0  DEPENDENT
                             0     ERRORS
GAMS 29.1.0  rbb4180b Released Nov 15, 2019 WEX-WEI x86 64bit/MS Windows                                                                                                                                                              03/23/21 11:02:39 Page 78
G e n e r a l   A l g e b r a i c   M o d e l i n g   S y s t e m
Model Statistics    SOLVE ex1_DC Using CNS From line 3425


LOOPS                                   l1   l1_10


MODEL STATISTICS

BLOCKS OF EQUATIONS          35     SINGLE EQUATIONS          231
BLOCKS OF VARIABLES          28     SINGLE VARIABLES          422
NON ZERO ELEMENTS         1,386     NON LINEAR N-Z          1,004
DERIVATIVE POOL              20     CONSTANT POOL              19
CODE LENGTH               2,021
SINGLE =E|X= EQUS           231     SINGLE UNFIXED VARS       231


GENERATION TIME      =        0.031 SECONDS      3 MB  29.1.0 rbb4180b WEX-WEI


EXECUTION TIME       =        0.031 SECONDS      3 MB  29.1.0 rbb4180b WEX-WEI
               L O O P S                 l1 l1_10

GAMS 29.1.0  rbb4180b Released Nov 15, 2019 WEX-WEI x86 64bit/MS Windows                                                                                                                                                              03/23/21 11:02:39 Page 79
G e n e r a l   A l g e b r a i c   M o d e l i n g   S y s t e m
Solution Report     SOLVE ex1_DC Using CNS From line 3425


               S O L V E      S U M M A R Y

     MODEL   ex1_DC              
     TYPE    CNS                 
     SOLVER  CONOPT4             FROM LINE  3425

**** SOLVER STATUS     1 Normal Completion         
**** MODEL STATUS      16 Solved                   

 RESOURCE USAGE, LIMIT          0.016      1000.000
 ITERATION COUNT, LIMIT         1    2000000000
 EVALUATION ERRORS              0             0

CONOPT 4         29.1.0 rbb4180b Released Nov 15, 2019 WEI x86 64bit/MS Window
 
 
    C O N O P T   version 4.15
    Copyright (C) ARKI Consulting and Development A/S
                  Bagsvaerdvej 246 A
                  DK-2880 Bagsvaerd, Denmark
    Licensed to:  GAMS/CONOPT OEM License
 
 
    The user model has 231 constraints and 422 variables
    with 1386 Jacobian elements, 1004 of which are nonlinear.
 
    The pre-triangular part of the model has 87 constraints and 278 variables.
 
    Preprocessed model has 144 constraints and 144 variables
    with 524 Jacobian elements, 396 of which are nonlinear.
 
 ** Feasible solution to a square system.
 
 
 CONOPT time Total                            0.004 seconds
   of which: Function evaluations             0.000 =  0.0%
             1st Derivative evaluations       0.001 = 25.0%
             Interval derivative evals        0.000 =  0.0%
 


**** REPORT SUMMARY :        0 INFEASIBLE
                             0  DEPENDENT
                             0     ERRORS
GAMS 29.1.0  rbb4180b Released Nov 15, 2019 WEX-WEI x86 64bit/MS Windows                                                                                                                                                              03/23/21 11:02:39 Page 80
G e n e r a l   A l g e b r a i c   M o d e l i n g   S y s t e m
E x e c u t i o n


EXECUTION TIME       =        0.000 SECONDS      3 MB  29.1.0 rbb4180b WEX-WEI


USER: Medium MUD - 10 User License                   G200108/0001CA-WIN
      DREAM, Danish Rational Economic Agents Model                DC620


**** FILE SUMMARY

Restart    C:\Users\sxj477\Documents\GitHub\GPM_v05\work_folder\_gams_py_gcp0.g00
Input      C:\Users\sxj477\Documents\GitHub\GPM_v05\work_folder\ex1_DC.gms
Output     C:\Users\sxj477\Documents\GitHub\GPM_v05\work_folder\_gams_py_gjo1.lst
